Rust is a language
Rust is a programming language
